---
source: tests/structure_designer/text_format_snapshot_test.rs
expression: text
---
# Network: Demo_Extrusion

M1 = M
P1 = P { visible: true }
structure_move1 = structure_move { input: M1, translation: (-20, 0, 0), subdivision: 1, visible: true }
S1 = S
structure_move2 = structure_move { input: S1, translation: (16, 0, 0), subdivision: 1, visible: true }
materialize1 = materialize { shape: structure_move1, parameter_element_value_definition: "", passivate: true, rm_single: false, surf_recon: false, invert_phase: false, visible: true }
materialize2 = materialize { shape: P1, parameter_element_value_definition: "", passivate: true, rm_single: false, surf_recon: false, invert_phase: false, visible: true }
materialize3 = materialize { shape: structure_move2, parameter_element_value_definition: "", passivate: true, rm_single: false, surf_recon: false, invert_phase: false, visible: true }
structure1 = structure
structure2 = structure
structure3 = structure

# 11 nodes
