---
source: tests/structure_designer/text_format_snapshot_test.rs
expression: text
---
int1 = int { value: 3 }
parameter1 = parameter { default: int1, param_index: 0, param_name: "thick", data_type: Int, sort_order: 0 }
half_space1 = half_space { shift: parameter1, max_miller_index: 2, m_index: (1, -1, 0), center: (0, 0, 0), subdivision: 1 }
half_space2 = half_space { shift: parameter1, max_miller_index: 2, m_index: (-1, 1, 0), center: (0, 0, 0), subdivision: 1 }
half_space4 = half_space { max_miller_index: 2, m_index: (1, 1, 0), center: (0, 0, 0), shift: 8, subdivision: 1 }
half_space5 = half_space { max_miller_index: 2, m_index: (1, 1, 1), center: (-1, -1, 40), shift: 0, subdivision: 1 }
half_space7 = half_space { max_miller_index: 2, m_index: (0, 0, -1), center: (0, 0, 0), shift: 0, subdivision: 1 }
half_space9 = half_space { shift: parameter1, max_miller_index: 2, m_index: (1, -1, 0), center: (0, 0, 0), subdivision: 1 }
half_space11 = half_space { max_miller_index: 2, m_index: (-1, -1, 0), center: (0, 0, 0), shift: 8, subdivision: 1 }
intersect1 = intersect { shapes: [half_space1, half_space2, half_space4, half_space5, half_space7, half_space9, half_space11] }
expr1 = expr { x: parameter1, expression: "x+1", parameters: [{ name: "x", data_type: Int }] }
half_space3 = half_space { shift: expr1, max_miller_index: 2, m_index: (1, -1, 0), center: (0, 0, 0), subdivision: 1 }
int2 = int { value: 3 }
ivec31 = ivec3 { x: int2, y: int2, z: 0 }
half_space6 = half_space { center: ivec31, max_miller_index: 2, m_index: (1, 1, 1), shift: 0, subdivision: 1 }
half_space8 = half_space { center: ivec31, max_miller_index: 1, m_index: (1, 1, -1), shift: 0, subdivision: 1 }
half_space10 = half_space { shift: expr1, max_miller_index: 2, m_index: (-1, 1, 0), center: (0, 0, 0), subdivision: 1 }
half_space12 = half_space { max_miller_index: 2, m_index: (-1, -1, 0), center: (0, 0, 0), shift: 5, subdivision: 1 }
intersect2 = intersect { shapes: [half_space3, half_space6, half_space8, half_space10, half_space12] }
half_space13 = half_space { max_miller_index: 2, m_index: (-1, -1, 1), center: (0, 0, 20), shift: 0, subdivision: 1 }
half_space14 = half_space { max_miller_index: 2, m_index: (-1, -1, -1), center: (1, 1, 8), shift: 0, subdivision: 1 }
half_space15 = half_space { max_miller_index: 2, m_index: (1, 1, 0), center: (0, 0, 0), shift: 5, subdivision: 1 }
intersect3 = intersect { shapes: [half_space3, half_space10, half_space13, half_space14, half_space15] }
lattice_rot2 = lattice_rot { shape: intersect3, axis_index: 2, step: 2, pivot_point: (0, 0, 0) }
lattice_move1 = lattice_move { shape: lattice_rot2, translation: (0, 0, 14), subdivision: 1 }
diff1 = diff { base: intersect1, sub: [intersect2, intersect3, lattice_move1] }
lattice_rot3 = lattice_rot { shape: diff1, axis_index: 9, step: 1, pivot_point: (0, 0, 0) }
lattice_rot1 = lattice_rot { shape: lattice_rot3, axis_index: 12, step: 1, pivot_point: (0, 0, 0) }
union1 = union { shapes: [lattice_rot1, lattice_rot3], visible: true }
atom_fill1 = atom_fill { shape: union1, parameter_element_value_definition: "", m_offset: (0.0, 0.0, 0.5), passivate: true, rm_single: false, surf_recon: false, invert_phase: false, visible: true }
