---
source: tests/structure_designer/text_format_snapshot_test.rs
expression: text
---
# Network: half_lattice_spacing

α_polonium_unit_cell1 = α_polonium_unit_cell
structure1 = structure { lattice_vecs: α_polonium_unit_cell1 }
half_space1 = half_space { structure: structure1, max_miller_index: 2, m_index: (2, 0, 0), center: (0, 0, 0), shift: 1, subdivision: 1 }
structure2 = structure { lattice_vecs: α_polonium_unit_cell1 }
cuboid1 = cuboid { structure: structure2, min_corner: (0, 0, 0), extent: (1, 1, 1) }
intersect1 = intersect { shapes: [half_space1, cuboid1], visible: true }
materialize1 = materialize { shape: intersect1, parameter_element_value_definition: "", passivate: false, rm_single: false, surf_recon: false, invert_phase: false, visible: true }
α_polonium_motif1 = α_polonium_motif
structure3 = structure { motif: α_polonium_motif1 }

# 9 nodes
