---
source: crates/atomcad-structure-designer/tests/structure_designer/layout_corpus_test.rs
expression: report
---
atom_fill_halfshift: 11 node(s), moved []
demo_crossintersect_method: 30 node(s), moved []
demo_cube-from-3-iwalls: 14 node(s), moved []
demo_ioctettruss-node: 24 node(s), moved []
demo_irods_all: 19 node(s), moved []
demo_motifs_wurtzite: 31 node(s), moved []
demo_proxy(111): 19 node(s), moved [motif_wurtzite_c-in-z_a-in-x1, motif_zinkbkende_point-origin1]
demo_rack_x: 53 node(s), moved [int1, ivec33, ivec34, ivec35, ivec37, lib_iedge_x_z_‹{110}1, lib_irod_x_rect◇{110}_centered1, parameter2, parameter3]
demo_rack_x_cross-assembly: 23 node(s), moved [expr3, expr4]
demo_rack_x_linear-assembly: 7 node(s), moved [demo_rack_x1, demo_rack_x2, int1]
demo_rhombicuboctahedron: 24 node(s), moved []
demo_selfcentercross: 35 node(s), moved []
demo_vdW_oscillator_open: 44 node(s), moved []
demo_vdw_oscillator_closed: 33 node(s), moved []
demo_wurtzite&lonsdaleite_lib-(ab)use: 35 node(s), moved [demo_irods_all3, get_structure3, motif_wurtzite_c-in-z_a-in-x2]
demo_zincblende-to-wurtzite-transition: 49 node(s), moved []
lib_basepoly_cube_centered: 18 node(s), moved []
lib_basepoly_octahedron_centered: 21 node(s), moved []
lib_basepoly_rdodecahedron_centered: 25 node(s), moved []
lib_hexirod_(0001): 26 node(s), moved [parameter2, unit-cell_lonsdaleite_triple-hex-R1-obverse1]
lib_icorner_tetrahedral{111}: 19 node(s), moved []
lib_icorner_x_rhombdode{110}: 9 node(s), moved []
lib_icorner_xyz_cube{100}: 21 node(s), moved []
lib_icorner_xyz_rhombdode{110}_negative: 8 node(s), moved []
lib_icorner_z_cotahedral{111}: 22 node(s), moved []
lib_iedge_x_z_‹{110}: 16 node(s), moved []
lib_iedge_xy_z_∟{100}: 11 node(s), moved [lib_test-by-sphere-cut1, motif_zinkbkende_point-origin1]
lib_irod_x_rect▭□▯{100}_centered: 14 node(s), moved []
lib_irod_x_rect▭□▯{100}_positive: 14 node(s), moved []
lib_irod_x_rect◇{110}_centered: 15 node(s), moved []
lib_irod_xy_rect▭▯(00±1)(±1∓10)_centered: 14 node(s), moved []
lib_irod_xy_rhombic♢{111}_centered: 14 node(s), moved []
lib_irod_xyz_hex⬡{110}_centered: 14 node(s), moved []
lib_irod_xyz_triangintersect▷◁{110}: 13 node(s), moved []
lib_irod_xyz_triangleleft◁{110}: 18 node(s), moved []
lib_irod_xyz_triangleright▷{110}: 18 node(s), moved []
lib_iwall_centered: 22 node(s), moved []
lib_iwall_positive: 18 node(s), moved []
lib_map_multimove: 16 node(s), moved []
lib_map_multimove_helper: 8 node(s), moved []
lib_multirot120°[111]: 8 node(s), moved [lib_multirot120°[111]_helper1, map1, range1]
lib_multirot120°[111]_helper: 9 node(s), moved []
lib_multirot180°[110]: 11 node(s), moved []
lib_multirot180°[110]_helper: 11 node(s), moved []
lib_multirot90°(001): 9 node(s), moved [lib_multirot90°(001)_helper1, map1, range1]
lib_multirot90°(001)_helper: 9 node(s), moved []
lib_test-by-sphere-cut: 14 node(s), moved []
lib_unit-cell-maker_triple-hex-R1-obverse: 17 node(s), moved []
lib_unit-cell-maker_triple-hex-R1-reverse: 17 node(s), moved []
motif_wurtzite_c-in-y_a-in-x: 9 node(s), moved [cuboid1, structure1, structure2, unit-cell_wurtzite_c-in-y1, with_structure1]
motif_wurtzite_c-in-z_a-in-x: 9 node(s), moved [cuboid1, structure1, structure2, unit-cell_wurtzite_c-in-z1, with_structure1]
motif_zinkbkende_point-origin: 8 node(s), moved [cuboid1, structure1, with_structure1]
unit-cell_Ge-germanium: 5 node(s), moved []
unit-cell_Si-silicon: 5 node(s), moved []
unit-cell_diamond: 5 node(s), moved [float1, lattice_vecs1, structure1]
unit-cell_diamond_rotated+90°z: 9 node(s), moved []
unit-cell_lonsdaleite_c-in-y: 4 node(s), moved []
unit-cell_lonsdaleite_c-in-z: 4 node(s), moved []
unit-cell_lonsdaleite_triple-hex-R1-obverse: 6 node(s), moved []
unit-cell_wurtzite_c-in-y: 4 node(s), moved []
unit-cell_wurtzite_c-in-z: 4 node(s), moved []
unit-cell_wurtzite_triple-hex-R1-obverse: 6 node(s), moved []
unit-cell_wurtzite_triple-hex-R1-reverse: 6 node(s), moved []
unit-cell_zinkblende: 4 node(s), moved []
unit-cell_αSn-grey-tin: 5 node(s), moved []
